// Jest Snapshot v1, https://goo.gl/fbAQLP

exports[`Input renders 1`] = `
<input
  name="username"
  type="text"
/>
`;
